---
version: 1
interactions:
- request:
    body: |
      {"profile":{"name":"testAcc_4031966048_2","description":""}}
    form: {}
    headers:
      Accept:
      - application/json
      Authorization:
      - SSWS REDACTED
      Content-Type:
      - application/json
      User-Agent:
      - okta-sdk-golang/2.17.0 golang/go1.20.2 darwin/arm64 okta-terraform/3.44.0
    url: https://mm-oie-2022-10-07-max.oktapreview.com/api/v1/groups
    method: POST
  response:
    body: '{"id":"00g7l8102lbfD2cJg1d7","created":"2023-04-06T18:48:28.000Z","lastUpdated":"2023-04-06T18:48:28.000Z","lastMembershipUpdated":"2023-04-06T18:48:28.000Z","objectClass":["okta:user_group"],"type":"OKTA_GROUP","profile":{"name":"testAcc_4031966048_2","description":""},"_links":{"logo":[{"name":"medium","href":"https://op3static.oktacdn.com/assets/img/logos/groups/odyssey/okta-medium.1a5ebe44c4244fb796c235d86b47e3bb.png","type":"image/png"},{"name":"large","href":"https://op3static.oktacdn.com/assets/img/logos/groups/odyssey/okta-large.d9cfbd8a00a4feac1aa5612ba02e99c0.png","type":"image/png"}],"users":{"href":"https://mm-oie-2022-10-07-max.oktapreview.com/api/v1/groups/00g7l8102lbfD2cJg1d7/users"},"apps":{"href":"https://mm-oie-2022-10-07-max.oktapreview.com/api/v1/groups/00g7l8102lbfD2cJg1d7/apps"}}}'
    headers:
      Content-Type:
      - application/json
      Date:
      - Thu, 06 Apr 2023 18:48:28 GMT
    status: 200 OK
    code: 200
    duration: ""
- request:
    body: |
      {"profile":{"name":"testAcc_4031966048_3","description":""}}
    form: {}
    headers:
      Accept:
      - application/json
      Authorization:
      - SSWS REDACTED
      Content-Type:
      - application/json
      User-Agent:
      - okta-sdk-golang/2.17.0 golang/go1.20.2 darwin/arm64 okta-terraform/3.44.0
    url: https://mm-oie-2022-10-07-max.oktapreview.com/api/v1/groups
    method: POST
  response:
    body: '{"id":"00g7l81gxibiZZ8f91d7","created":"2023-04-06T18:48:28.000Z","lastUpdated":"2023-04-06T18:48:28.000Z","lastMembershipUpdated":"2023-04-06T18:48:28.000Z","objectClass":["okta:user_group"],"type":"OKTA_GROUP","profile":{"name":"testAcc_4031966048_3","description":""},"_links":{"logo":[{"name":"medium","href":"https://op3static.oktacdn.com/assets/img/logos/groups/odyssey/okta-medium.1a5ebe44c4244fb796c235d86b47e3bb.png","type":"image/png"},{"name":"large","href":"https://op3static.oktacdn.com/assets/img/logos/groups/odyssey/okta-large.d9cfbd8a00a4feac1aa5612ba02e99c0.png","type":"image/png"}],"users":{"href":"https://mm-oie-2022-10-07-max.oktapreview.com/api/v1/groups/00g7l81gxibiZZ8f91d7/users"},"apps":{"href":"https://mm-oie-2022-10-07-max.oktapreview.com/api/v1/groups/00g7l81gxibiZZ8f91d7/apps"}}}'
    headers:
      Content-Type:
      - application/json
      Date:
      - Thu, 06 Apr 2023 18:48:28 GMT
    status: 200 OK
    code: 200
    duration: ""
- request:
    body: |
      {"profile":{"name":"testAcc_4031966048","description":""}}
    form: {}
    headers:
      Accept:
      - application/json
      Authorization:
      - SSWS REDACTED
      Content-Type:
      - application/json
      User-Agent:
      - okta-sdk-golang/2.17.0 golang/go1.20.2 darwin/arm64 okta-terraform/3.44.0
    url: https://mm-oie-2022-10-07-max.oktapreview.com/api/v1/groups
    method: POST
  response:
    body: '{"id":"00g7l818eubp6PCM01d7","created":"2023-04-06T18:48:28.000Z","lastUpdated":"2023-04-06T18:48:28.000Z","lastMembershipUpdated":"2023-04-06T18:48:28.000Z","objectClass":["okta:user_group"],"type":"OKTA_GROUP","profile":{"name":"testAcc_4031966048","description":""},"_links":{"logo":[{"name":"medium","href":"https://op3static.oktacdn.com/assets/img/logos/groups/odyssey/okta-medium.1a5ebe44c4244fb796c235d86b47e3bb.png","type":"image/png"},{"name":"large","href":"https://op3static.oktacdn.com/assets/img/logos/groups/odyssey/okta-large.d9cfbd8a00a4feac1aa5612ba02e99c0.png","type":"image/png"}],"users":{"href":"https://mm-oie-2022-10-07-max.oktapreview.com/api/v1/groups/00g7l818eubp6PCM01d7/users"},"apps":{"href":"https://mm-oie-2022-10-07-max.oktapreview.com/api/v1/groups/00g7l818eubp6PCM01d7/apps"}}}'
    headers:
      Content-Type:
      - application/json
      Date:
      - Thu, 06 Apr 2023 18:48:28 GMT
    status: 200 OK
    code: 200
    duration: ""
- request:
    body: ""
    form: {}
    headers:
      Accept:
      - application/json
      Authorization:
      - SSWS REDACTED
      User-Agent:
      - okta-sdk-golang/2.17.0 golang/go1.20.2 darwin/arm64 okta-terraform/3.44.0
    url: https://mm-oie-2022-10-07-max.oktapreview.com/api/v1/groups/00g7l81gxibiZZ8f91d7
    method: GET
  response:
    body: '{"id":"00g7l81gxibiZZ8f91d7","created":"2023-04-06T18:48:28.000Z","lastUpdated":"2023-04-06T18:48:28.000Z","lastMembershipUpdated":"2023-04-06T18:48:28.000Z","objectClass":["okta:user_group"],"type":"OKTA_GROUP","profile":{"name":"testAcc_4031966048_3","description":""},"_links":{"logo":[{"name":"medium","href":"https://op3static.oktacdn.com/assets/img/logos/groups/odyssey/okta-medium.1a5ebe44c4244fb796c235d86b47e3bb.png","type":"image/png"},{"name":"large","href":"https://op3static.oktacdn.com/assets/img/logos/groups/odyssey/okta-large.d9cfbd8a00a4feac1aa5612ba02e99c0.png","type":"image/png"}],"users":{"href":"https://mm-oie-2022-10-07-max.oktapreview.com/api/v1/groups/00g7l81gxibiZZ8f91d7/users"},"apps":{"href":"https://mm-oie-2022-10-07-max.oktapreview.com/api/v1/groups/00g7l81gxibiZZ8f91d7/apps"}}}'
    headers:
      Content-Type:
      - application/json
      Date:
      - Thu, 06 Apr 2023 18:48:28 GMT
    status: 200 OK
    code: 200
    duration: ""
- request:
    body: ""
    form: {}
    headers:
      Accept:
      - application/json
      Authorization:
      - SSWS REDACTED
      User-Agent:
      - okta-sdk-golang/2.17.0 golang/go1.20.2 darwin/arm64 okta-terraform/3.44.0
    url: https://mm-oie-2022-10-07-max.oktapreview.com/api/v1/groups/00g7l8102lbfD2cJg1d7
    method: GET
  response:
    body: '{"id":"00g7l8102lbfD2cJg1d7","created":"2023-04-06T18:48:28.000Z","lastUpdated":"2023-04-06T18:48:28.000Z","lastMembershipUpdated":"2023-04-06T18:48:28.000Z","objectClass":["okta:user_group"],"type":"OKTA_GROUP","profile":{"name":"testAcc_4031966048_2","description":""},"_links":{"logo":[{"name":"medium","href":"https://op3static.oktacdn.com/assets/img/logos/groups/odyssey/okta-medium.1a5ebe44c4244fb796c235d86b47e3bb.png","type":"image/png"},{"name":"large","href":"https://op3static.oktacdn.com/assets/img/logos/groups/odyssey/okta-large.d9cfbd8a00a4feac1aa5612ba02e99c0.png","type":"image/png"}],"users":{"href":"https://mm-oie-2022-10-07-max.oktapreview.com/api/v1/groups/00g7l8102lbfD2cJg1d7/users"},"apps":{"href":"https://mm-oie-2022-10-07-max.oktapreview.com/api/v1/groups/00g7l8102lbfD2cJg1d7/apps"}}}'
    headers:
      Content-Type:
      - application/json
      Date:
      - Thu, 06 Apr 2023 18:48:28 GMT
    status: 200 OK
    code: 200
    duration: ""
- request:
    body: ""
    form: {}
    headers:
      Accept:
      - application/json
      Authorization:
      - SSWS REDACTED
      User-Agent:
      - okta-sdk-golang/2.17.0 golang/go1.20.2 darwin/arm64 okta-terraform/3.44.0
    url: https://mm-oie-2022-10-07-max.oktapreview.com/api/v1/groups/00g7l818eubp6PCM01d7
    method: GET
  response:
    body: '{"id":"00g7l818eubp6PCM01d7","created":"2023-04-06T18:48:28.000Z","lastUpdated":"2023-04-06T18:48:28.000Z","lastMembershipUpdated":"2023-04-06T18:48:28.000Z","objectClass":["okta:user_group"],"type":"OKTA_GROUP","profile":{"name":"testAcc_4031966048","description":""},"_links":{"logo":[{"name":"medium","href":"https://op3static.oktacdn.com/assets/img/logos/groups/odyssey/okta-medium.1a5ebe44c4244fb796c235d86b47e3bb.png","type":"image/png"},{"name":"large","href":"https://op3static.oktacdn.com/assets/img/logos/groups/odyssey/okta-large.d9cfbd8a00a4feac1aa5612ba02e99c0.png","type":"image/png"}],"users":{"href":"https://mm-oie-2022-10-07-max.oktapreview.com/api/v1/groups/00g7l818eubp6PCM01d7/users"},"apps":{"href":"https://mm-oie-2022-10-07-max.oktapreview.com/api/v1/groups/00g7l818eubp6PCM01d7/apps"}}}'
    headers:
      Content-Type:
      - application/json
      Date:
      - Thu, 06 Apr 2023 18:48:28 GMT
    status: 200 OK
    code: 200
    duration: ""
- request:
    body: ""
    form: {}
    headers:
      Accept:
      - application/json
      Authorization:
      - SSWS REDACTED
      User-Agent:
      - okta-sdk-golang/2.17.0 golang/go1.20.2 darwin/arm64 okta-terraform/3.44.0
    url: https://mm-oie-2022-10-07-max.oktapreview.com/api/v1/groups/00g7l81gxibiZZ8f91d7
    method: GET
  response:
    body: '{"id":"00g7l81gxibiZZ8f91d7","created":"2023-04-06T18:48:28.000Z","lastUpdated":"2023-04-06T18:48:28.000Z","lastMembershipUpdated":"2023-04-06T18:48:28.000Z","objectClass":["okta:user_group"],"type":"OKTA_GROUP","profile":{"name":"testAcc_4031966048_3","description":""},"_links":{"logo":[{"name":"medium","href":"https://op3static.oktacdn.com/assets/img/logos/groups/odyssey/okta-medium.1a5ebe44c4244fb796c235d86b47e3bb.png","type":"image/png"},{"name":"large","href":"https://op3static.oktacdn.com/assets/img/logos/groups/odyssey/okta-large.d9cfbd8a00a4feac1aa5612ba02e99c0.png","type":"image/png"}],"users":{"href":"https://mm-oie-2022-10-07-max.oktapreview.com/api/v1/groups/00g7l81gxibiZZ8f91d7/users"},"apps":{"href":"https://mm-oie-2022-10-07-max.oktapreview.com/api/v1/groups/00g7l81gxibiZZ8f91d7/apps"}}}'
    headers:
      Content-Type:
      - application/json
      Date:
      - Thu, 06 Apr 2023 18:48:28 GMT
    status: 200 OK
    code: 200
    duration: ""
- request:
    body: ""
    form: {}
    headers:
      Accept:
      - application/json
      Authorization:
      - SSWS REDACTED
      User-Agent:
      - okta-sdk-golang/2.17.0 golang/go1.20.2 darwin/arm64 okta-terraform/3.44.0
    url: https://mm-oie-2022-10-07-max.oktapreview.com/api/v1/groups/00g7l8102lbfD2cJg1d7
    method: GET
  response:
    body: '{"id":"00g7l8102lbfD2cJg1d7","created":"2023-04-06T18:48:28.000Z","lastUpdated":"2023-04-06T18:48:28.000Z","lastMembershipUpdated":"2023-04-06T18:48:28.000Z","objectClass":["okta:user_group"],"type":"OKTA_GROUP","profile":{"name":"testAcc_4031966048_2","description":""},"_links":{"logo":[{"name":"medium","href":"https://op3static.oktacdn.com/assets/img/logos/groups/odyssey/okta-medium.1a5ebe44c4244fb796c235d86b47e3bb.png","type":"image/png"},{"name":"large","href":"https://op3static.oktacdn.com/assets/img/logos/groups/odyssey/okta-large.d9cfbd8a00a4feac1aa5612ba02e99c0.png","type":"image/png"}],"users":{"href":"https://mm-oie-2022-10-07-max.oktapreview.com/api/v1/groups/00g7l8102lbfD2cJg1d7/users"},"apps":{"href":"https://mm-oie-2022-10-07-max.oktapreview.com/api/v1/groups/00g7l8102lbfD2cJg1d7/apps"}}}'
    headers:
      Content-Type:
      - application/json
      Date:
      - Thu, 06 Apr 2023 18:48:28 GMT
    status: 200 OK
    code: 200
    duration: ""
- request:
    body: ""
    form: {}
    headers:
      Accept:
      - application/json
      Authorization:
      - SSWS REDACTED
      User-Agent:
      - okta-sdk-golang/2.17.0 golang/go1.20.2 darwin/arm64 okta-terraform/3.44.0
    url: https://mm-oie-2022-10-07-max.oktapreview.com/api/v1/groups/00g7l818eubp6PCM01d7
    method: GET
  response:
    body: '{"id":"00g7l818eubp6PCM01d7","created":"2023-04-06T18:48:28.000Z","lastUpdated":"2023-04-06T18:48:28.000Z","lastMembershipUpdated":"2023-04-06T18:48:28.000Z","objectClass":["okta:user_group"],"type":"OKTA_GROUP","profile":{"name":"testAcc_4031966048","description":""},"_links":{"logo":[{"name":"medium","href":"https://op3static.oktacdn.com/assets/img/logos/groups/odyssey/okta-medium.1a5ebe44c4244fb796c235d86b47e3bb.png","type":"image/png"},{"name":"large","href":"https://op3static.oktacdn.com/assets/img/logos/groups/odyssey/okta-large.d9cfbd8a00a4feac1aa5612ba02e99c0.png","type":"image/png"}],"users":{"href":"https://mm-oie-2022-10-07-max.oktapreview.com/api/v1/groups/00g7l818eubp6PCM01d7/users"},"apps":{"href":"https://mm-oie-2022-10-07-max.oktapreview.com/api/v1/groups/00g7l818eubp6PCM01d7/apps"}}}'
    headers:
      Content-Type:
      - application/json
      Date:
      - Thu, 06 Apr 2023 18:48:28 GMT
    status: 200 OK
    code: 200
    duration: ""
- request:
    body: |
      {"accessibility":{"selfService":false},"credentials":{"userNameTemplate":{"template":"${source.login}","type":"BUILT_IN"},"oauthClient":{"autoKeyRotation":true,"pkce_required":false,"token_endpoint_auth_method":"client_secret_basic"}},"label":"testAcc_4031966048","name":"oidc_client","settings":{"app":{},"implicitAssignment":false,"notes":{"admin":null,"enduser":null},"oauthClient":{"application_type":"web","consent_method":"TRUSTED","grant_types":["authorization_code","implicit"],"idp_initiated_login":{"default_scope":[],"mode":"DISABLED"},"issuer_mode":"ORG_URL","redirect_uris":["http://d.com/"],"response_types":["code","token","id_token"],"wildcard_redirect":"DISABLED"}},"signOnMode":"OPENID_CONNECT","visibility":{"autoSubmitToolbar":false,"hide":{"iOS":true,"web":true}}}
    form: {}
    headers:
      Accept:
      - application/json
      Authorization:
      - SSWS REDACTED
      Content-Type:
      - application/json
      User-Agent:
      - okta-sdk-golang/2.17.0 golang/go1.20.2 darwin/arm64 okta-terraform/3.44.0
    url: https://mm-oie-2022-10-07-max.oktapreview.com/api/v1/apps?activate=true
    method: POST
  response:
    body: '{"id":"0oa7l81zz2fmKiEQ71d7","name":"oidc_client","label":"testAcc_4031966048","status":"ACTIVE","lastUpdated":"2023-04-06T18:48:28.000Z","created":"2023-04-06T18:48:28.000Z","accessibility":{"selfService":false,"errorRedirectUrl":null,"loginRedirectUrl":null},"visibility":{"autoLaunch":false,"autoSubmitToolbar":false,"hide":{"iOS":true,"web":true},"appLinks":{"oidc_client_link":true}},"features":[],"signOnMode":"OPENID_CONNECT","credentials":{"userNameTemplate":{"template":"${source.login}","type":"BUILT_IN"},"signing":{"kid":"N60VbAntJ7ONHTQr7YcAiywke_a08RzPdv9okaextIA"},"oauthClient":{"autoKeyRotation":true,"client_id":"0oa7l81zz2fmKiEQ71d7","client_secret":"mNDojGVq1S-utN5z_5Wq6nVgBbKk3qMrFWRKhlWB","token_endpoint_auth_method":"client_secret_basic","pkce_required":false}},"settings":{"app":{},"notifications":{"vpn":{"network":{"connection":"DISABLED"},"message":null,"helpUrl":null}},"notes":{"admin":null,"enduser":null},"oauthClient":{"client_uri":null,"logo_uri":null,"redirect_uris":["http://d.com/"],"response_types":["code","token","id_token"],"grant_types":["authorization_code","implicit"],"application_type":"web","consent_method":"TRUSTED","issuer_mode":"ORG_URL","idp_initiated_login":{"mode":"DISABLED","default_scope":[]},"wildcard_redirect":"DISABLED"}},"_links":{"uploadLogo":{"href":"https://mm-oie-2022-10-07-max.oktapreview.com/api/v1/apps/0oa7l81zz2fmKiEQ71d7/logo","hints":{"allow":["POST"]}},"appLinks":[{"name":"oidc_client_link","href":"https://mm-oie-2022-10-07-max.oktapreview.com/home/oidc_client/0oa7l81zz2fmKiEQ71d7/aln177a159h7Zf52X0g8","type":"text/html"}],"profileEnrollment":{"href":"https://mm-oie-2022-10-07-max.oktapreview.com/api/v1/policies/rst5qwjvlxUHivL8a1d7"},"policies":{"href":"https://mm-oie-2022-10-07-max.oktapreview.com/api/v1/apps/0oa7l81zz2fmKiEQ71d7/policies","hints":{"allow":["PUT"]}},"groups":{"href":"https://mm-oie-2022-10-07-max.oktapreview.com/api/v1/apps/0oa7l81zz2fmKiEQ71d7/groups"},"logo":[{"name":"medium","href":"https://op3static.oktacdn.com/assets/img/logos/default.6770228fb0dab49a1695ef440a5279bb.png","type":"image/png"}],"clientCredentials":[{"name":"secrets","href":"https://mm-oie-2022-10-07-max.oktapreview.com/api/v1/apps/0oa7l81zz2fmKiEQ71d7/credentials/secrets"}],"accessPolicy":{"href":"https://mm-oie-2022-10-07-max.oktapreview.com/api/v1/policies/rst5qwjvlvS3G1WOU1d7"},"users":{"href":"https://mm-oie-2022-10-07-max.oktapreview.com/api/v1/apps/0oa7l81zz2fmKiEQ71d7/users"},"deactivate":{"href":"https://mm-oie-2022-10-07-max.oktapreview.com/api/v1/apps/0oa7l81zz2fmKiEQ71d7/lifecycle/deactivate"}}}'
    headers:
      Content-Type:
      - application/json
      Date:
      - Thu, 06 Apr 2023 18:48:28 GMT
    status: 200 OK
    code: 200
    duration: ""
- request:
    body: ""
    form: {}
    headers:
      Accept:
      - application/json
      Authorization:
      - SSWS REDACTED
      User-Agent:
      - okta-sdk-golang/2.17.0 golang/go1.20.2 darwin/arm64 okta-terraform/3.44.0
    url: https://mm-oie-2022-10-07-max.oktapreview.com/api/v1/policies?type=ACCESS_POLICY
    method: GET
  response:
    body: '[{"id":"rst5qwjvkl70Eb6xw1d7","status":"ACTIVE","name":"Okta Admin Console","priority":1,"system":false,"conditions":null,"created":"2022-10-07T23:17:01.000Z","lastUpdated":"2022-10-07T23:17:01.000Z","_links":{"self":{"href":"https://mm-oie-2022-10-07-max.oktapreview.com/api/v1/policies/rst5qwjvkl70Eb6xw1d7","hints":{"allow":["GET","PUT","DELETE"]}},"rules":{"href":"https://mm-oie-2022-10-07-max.oktapreview.com/api/v1/policies/rst5qwjvkl70Eb6xw1d7/rules","hints":{"allow":["GET","POST"]}},"deactivate":{"href":"https://mm-oie-2022-10-07-max.oktapreview.com/api/v1/policies/rst5qwjvkl70Eb6xw1d7/lifecycle/deactivate","hints":{"allow":["POST"]}}},"type":"ACCESS_POLICY"},{"id":"rst5qwjvlvS3G1WOU1d7","status":"ACTIVE","name":"Any two factors","description":"Require two factors to access.","priority":1,"system":true,"conditions":null,"created":"2022-10-07T23:17:01.000Z","lastUpdated":"2022-10-07T23:17:01.000Z","_links":{"self":{"href":"https://mm-oie-2022-10-07-max.oktapreview.com/api/v1/policies/rst5qwjvlvS3G1WOU1d7","hints":{"allow":["GET","PUT"]}},"rules":{"href":"https://mm-oie-2022-10-07-max.oktapreview.com/api/v1/policies/rst5qwjvlvS3G1WOU1d7/rules","hints":{"allow":["GET","POST"]}}},"type":"ACCESS_POLICY"},{"id":"rst7a8k7jmedunOAK1d7","status":"ACTIVE","name":"Password only","description":"Require only a password. Suggested for low risk or consumer-facing applications.","priority":1,"system":false,"conditions":null,"created":"2023-03-08T00:50:03.000Z","lastUpdated":"2023-03-08T00:50:03.000Z","_links":{"self":{"href":"https://mm-oie-2022-10-07-max.oktapreview.com/api/v1/policies/rst7a8k7jmedunOAK1d7","hints":{"allow":["GET","PUT","DELETE"]}},"rules":{"href":"https://mm-oie-2022-10-07-max.oktapreview.com/api/v1/policies/rst7a8k7jmedunOAK1d7/rules","hints":{"allow":["GET","POST"]}},"deactivate":{"href":"https://mm-oie-2022-10-07-max.oktapreview.com/api/v1/policies/rst7a8k7jmedunOAK1d7/lifecycle/deactivate","hints":{"allow":["POST"]}}},"type":"ACCESS_POLICY"},{"id":"rst7a8k7jpVGikvie1d7","status":"ACTIVE","name":"One factor access","description":"Allow access with any one factor. Suggested for low risk or consumer-facing applications.","priority":1,"system":false,"conditions":null,"created":"2023-03-08T00:50:03.000Z","lastUpdated":"2023-03-08T00:50:03.000Z","_links":{"self":{"href":"https://mm-oie-2022-10-07-max.oktapreview.com/api/v1/policies/rst7a8k7jpVGikvie1d7","hints":{"allow":["GET","PUT","DELETE"]}},"rules":{"href":"https://mm-oie-2022-10-07-max.oktapreview.com/api/v1/policies/rst7a8k7jpVGikvie1d7/rules","hints":{"allow":["GET","POST"]}},"deactivate":{"href":"https://mm-oie-2022-10-07-max.oktapreview.com/api/v1/policies/rst7a8k7jpVGikvie1d7/lifecycle/deactivate","hints":{"allow":["POST"]}}},"type":"ACCESS_POLICY"},{"id":"rst7a8k7jreNuzwcY1d7","status":"ACTIVE","name":"Seamless access based on network context","description":"Require 2FA if the user is off network. Configure your network zones to include them here.","priority":1,"system":false,"conditions":null,"created":"2023-03-08T00:50:03.000Z","lastUpdated":"2023-03-08T00:50:03.000Z","_links":{"self":{"href":"https://mm-oie-2022-10-07-max.oktapreview.com/api/v1/policies/rst7a8k7jreNuzwcY1d7","hints":{"allow":["GET","PUT","DELETE"]}},"rules":{"href":"https://mm-oie-2022-10-07-max.oktapreview.com/api/v1/policies/rst7a8k7jreNuzwcY1d7/rules","hints":{"allow":["GET","POST"]}},"deactivate":{"href":"https://mm-oie-2022-10-07-max.oktapreview.com/api/v1/policies/rst7a8k7jreNuzwcY1d7/lifecycle/deactivate","hints":{"allow":["POST"]}}},"type":"ACCESS_POLICY"},{"id":"rst7i712ebAo4pIcx1d7","status":"ACTIVE","name":"testAcc_5695048660566853266","priority":1,"system":false,"conditions":null,"created":"2023-03-29T19:12:35.000Z","lastUpdated":"2023-03-29T19:12:35.000Z","_links":{"self":{"href":"https://mm-oie-2022-10-07-max.oktapreview.com/api/v1/policies/rst7i712ebAo4pIcx1d7","hints":{"allow":["GET","PUT","DELETE"]}},"rules":{"href":"https://mm-oie-2022-10-07-max.oktapreview.com/api/v1/policies/rst7i712ebAo4pIcx1d7/rules","hints":{"allow":["GET","POST"]}},"deactivate":{"href":"https://mm-oie-2022-10-07-max.oktapreview.com/api/v1/policies/rst7i712ebAo4pIcx1d7/lifecycle/deactivate","hints":{"allow":["POST"]}}},"type":"ACCESS_POLICY"},{"id":"rst7l6sd4ofwypPBd1d7","status":"ACTIVE","name":"testAcc_6924455690237774725","priority":1,"system":false,"conditions":null,"created":"2023-04-06T16:09:33.000Z","lastUpdated":"2023-04-06T16:09:33.000Z","_links":{"self":{"href":"https://mm-oie-2022-10-07-max.oktapreview.com/api/v1/policies/rst7l6sd4ofwypPBd1d7","hints":{"allow":["GET","PUT","DELETE"]}},"rules":{"href":"https://mm-oie-2022-10-07-max.oktapreview.com/api/v1/policies/rst7l6sd4ofwypPBd1d7/rules","hints":{"allow":["GET","POST"]}},"deactivate":{"href":"https://mm-oie-2022-10-07-max.oktapreview.com/api/v1/policies/rst7l6sd4ofwypPBd1d7/lifecycle/deactivate","hints":{"allow":["POST"]}}},"type":"ACCESS_POLICY"}]'
    headers:
      Content-Security-Policy-Report-Only:
      - 'default-src ''self'' mm-oie-2022-10-07-max.oktapreview.com *.oktacdn.com; connect-src ''self'' mm-oie-2022-10-07-max.oktapreview.com mm-oie-2022-10-07-max-admin.oktapreview.com *.oktacdn.com *.mixpanel.com *.mapbox.com app.pendo.io data.pendo.io pendo-static-5634101834153984.storage.googleapis.com pendo-static-5391521872216064.storage.googleapis.com *.mtls.oktapreview.com mm-oie-2022-10-07-max.kerberos.oktapreview.com *.authenticatorlocalprod.com:8769 http://localhost:8769 http://127.0.0.1:8769 *.authenticatorlocalprod.com:65111 http://localhost:65111 http://127.0.0.1:65111 *.authenticatorlocalprod.com:65121 http://localhost:65121 http://127.0.0.1:65121 *.authenticatorlocalprod.com:65131 http://localhost:65131 http://127.0.0.1:65131 *.authenticatorlocalprod.com:65141 http://localhost:65141 http://127.0.0.1:65141 *.authenticatorlocalprod.com:65151 http://localhost:65151 http://127.0.0.1:65151 https://oinmanager.okta.com data:; script-src ''unsafe-inline'' ''unsafe-eval'' ''self'' mm-oie-2022-10-07-max.oktapreview.com *.oktacdn.com; style-src ''unsafe-inline'' ''nonce-H17cu-QXoubwiYgMoRjKkeAw1hBLhO2Sjj40JG3Y3uo'' ''self'' mm-oie-2022-10-07-max.oktapreview.com *.oktacdn.com app.pendo.io cdn.pendo.io pendo-static-5634101834153984.storage.googleapis.com pendo-static-5391521872216064.storage.googleapis.com; frame-src ''self'' mm-oie-2022-10-07-max.oktapreview.com mm-oie-2022-10-07-max-admin.oktapreview.com login.okta.com com-okta-authenticator:; img-src ''self'' mm-oie-2022-10-07-max.oktapreview.com *.oktacdn.com *.tiles.mapbox.com *.mapbox.com app.pendo.io data.pendo.io cdn.pendo.io pendo-static-5634101834153984.storage.googleapis.com pendo-static-5391521872216064.storage.googleapis.com data: blob:; font-src ''self'' mm-oie-2022-10-07-max.oktapreview.com data: *.oktacdn.com fonts.gstatic.com; frame-ancestors ''self'''
      Content-Type:
      - application/json
      Date:
      - Thu, 06 Apr 2023 18:48:29 GMT
      Link:
      - <https://mm-oie-2022-10-07-max.oktapreview.com/api/v1/policies?type=ACCESS_POLICY>; rel="self"
    status: 200 OK
    code: 200
    duration: ""
- request:
    body: ""
    form: {}
    headers:
      Accept:
      - application/json
      Authorization:
      - SSWS REDACTED
      User-Agent:
      - okta-sdk-golang/2.17.0 golang/go1.20.2 darwin/arm64 okta-terraform/3.44.0
    url: https://mm-oie-2022-10-07-max.oktapreview.com/api/v1/apps/0oa7l81zz2fmKiEQ71d7/policies/rst5qwjvlvS3G1WOU1d7
    method: PUT
  response:
    body: ""
    headers:
      Date:
      - Thu, 06 Apr 2023 18:48:29 GMT
    status: 204 No Content
    code: 204
    duration: ""
- request:
    body: ""
    form: {}
    headers:
      Accept:
      - application/json
      Authorization:
      - SSWS REDACTED
      User-Agent:
      - okta-sdk-golang/2.17.0 golang/go1.20.2 darwin/arm64 okta-terraform/3.44.0
    url: https://mm-oie-2022-10-07-max.oktapreview.com/api/v1/apps/0oa7l81zz2fmKiEQ71d7
    method: GET
  response:
    body: '{"id":"0oa7l81zz2fmKiEQ71d7","name":"oidc_client","label":"testAcc_4031966048","status":"ACTIVE","lastUpdated":"2023-04-06T18:48:28.000Z","created":"2023-04-06T18:48:28.000Z","accessibility":{"selfService":false,"errorRedirectUrl":null,"loginRedirectUrl":null},"visibility":{"autoLaunch":false,"autoSubmitToolbar":false,"hide":{"iOS":true,"web":true},"appLinks":{"oidc_client_link":true}},"features":[],"signOnMode":"OPENID_CONNECT","credentials":{"userNameTemplate":{"template":"${source.login}","type":"BUILT_IN"},"signing":{"kid":"N60VbAntJ7ONHTQr7YcAiywke_a08RzPdv9okaextIA"},"oauthClient":{"autoKeyRotation":true,"client_id":"0oa7l81zz2fmKiEQ71d7","token_endpoint_auth_method":"client_secret_basic","pkce_required":false}},"settings":{"app":{},"notifications":{"vpn":{"network":{"connection":"DISABLED"},"message":null,"helpUrl":null}},"notes":{"admin":null,"enduser":null},"oauthClient":{"client_uri":null,"logo_uri":null,"redirect_uris":["http://d.com/"],"response_types":["code","token","id_token"],"grant_types":["authorization_code","implicit"],"application_type":"web","consent_method":"TRUSTED","issuer_mode":"ORG_URL","idp_initiated_login":{"mode":"DISABLED","default_scope":[]},"wildcard_redirect":"DISABLED"}},"_links":{"uploadLogo":{"href":"https://mm-oie-2022-10-07-max.oktapreview.com/api/v1/apps/0oa7l81zz2fmKiEQ71d7/logo","hints":{"allow":["POST"]}},"appLinks":[{"name":"oidc_client_link","href":"https://mm-oie-2022-10-07-max.oktapreview.com/home/oidc_client/0oa7l81zz2fmKiEQ71d7/aln177a159h7Zf52X0g8","type":"text/html"}],"profileEnrollment":{"href":"https://mm-oie-2022-10-07-max.oktapreview.com/api/v1/policies/rst5qwjvlxUHivL8a1d7"},"policies":{"href":"https://mm-oie-2022-10-07-max.oktapreview.com/api/v1/apps/0oa7l81zz2fmKiEQ71d7/policies","hints":{"allow":["PUT"]}},"groups":{"href":"https://mm-oie-2022-10-07-max.oktapreview.com/api/v1/apps/0oa7l81zz2fmKiEQ71d7/groups"},"logo":[{"name":"medium","href":"https://op3static.oktacdn.com/assets/img/logos/default.6770228fb0dab49a1695ef440a5279bb.png","type":"image/png"}],"clientCredentials":[{"name":"secrets","href":"https://mm-oie-2022-10-07-max.oktapreview.com/api/v1/apps/0oa7l81zz2fmKiEQ71d7/credentials/secrets"}],"accessPolicy":{"href":"https://mm-oie-2022-10-07-max.oktapreview.com/api/v1/policies/rst5qwjvlvS3G1WOU1d7"},"users":{"href":"https://mm-oie-2022-10-07-max.oktapreview.com/api/v1/apps/0oa7l81zz2fmKiEQ71d7/users"},"deactivate":{"href":"https://mm-oie-2022-10-07-max.oktapreview.com/api/v1/apps/0oa7l81zz2fmKiEQ71d7/lifecycle/deactivate"}}}'
    headers:
      Content-Type:
      - application/json
      Date:
      - Thu, 06 Apr 2023 18:48:29 GMT
    status: 200 OK
    code: 200
    duration: ""
- request:
    body: ""
    form: {}
    headers:
      Accept:
      - application/json
      Authorization:
      - SSWS REDACTED
      User-Agent:
      - okta-sdk-golang/2.17.0 golang/go1.20.2 darwin/arm64 okta-terraform/3.44.0
    url: https://mm-oie-2022-10-07-max.oktapreview.com/api/v1/apps/0oa7l81zz2fmKiEQ71d7/users?limit=200
    method: GET
  response:
    body: '[]'
    headers:
      Content-Type:
      - application/json
      Date:
      - Thu, 06 Apr 2023 18:48:29 GMT
      Link:
      - <https://mm-oie-2022-10-07-max.oktapreview.com/api/v1/apps/0oa7l81zz2fmKiEQ71d7/users?limit=200>; rel="self"
    status: 200 OK
    code: 200
    duration: ""
- request:
    body: ""
    form: {}
    headers:
      Accept:
      - application/json
      Authorization:
      - SSWS REDACTED
      User-Agent:
      - okta-sdk-golang/2.17.0 golang/go1.20.2 darwin/arm64 okta-terraform/3.44.0
    url: https://mm-oie-2022-10-07-max.oktapreview.com/api/v1/apps/0oa7l81zz2fmKiEQ71d7/groups?limit=200
    method: GET
  response:
    body: '[]'
    headers:
      Content-Type:
      - application/json
      Date:
      - Thu, 06 Apr 2023 18:48:29 GMT
      Link:
      - <https://mm-oie-2022-10-07-max.oktapreview.com/api/v1/apps/0oa7l81zz2fmKiEQ71d7/groups?limit=200>; rel="self"
    status: 200 OK
    code: 200
    duration: ""
- request:
    body: |
      {"id":"00g7l818eubp6PCM01d7","priority":1,"profile":{}}
    form: {}
    headers:
      Accept:
      - application/json
      Authorization:
      - SSWS REDACTED
      Content-Type:
      - application/json
      User-Agent:
      - okta-sdk-golang/2.17.0 golang/go1.20.2 darwin/arm64 okta-terraform/3.44.0
    url: https://mm-oie-2022-10-07-max.oktapreview.com/api/v1/apps/0oa7l81zz2fmKiEQ71d7/groups/00g7l818eubp6PCM01d7
    method: PUT
  response:
    body: '{"id":"00g7l818eubp6PCM01d7","lastUpdated":"2023-04-06T18:48:29.000Z","priority":1,"profile":{},"_links":{"app":{"href":"https://mm-oie-2022-10-07-max.oktapreview.com/api/v1/apps/0oa7l81zz2fmKiEQ71d7"},"self":{"href":"https://mm-oie-2022-10-07-max.oktapreview.com/api/v1/apps/0oa7l81zz2fmKiEQ71d7/groups/00g7l818eubp6PCM01d7"},"group":{"href":"https://mm-oie-2022-10-07-max.oktapreview.com/api/v1/groups/00g7l818eubp6PCM01d7"}}}'
    headers:
      Content-Type:
      - application/json
      Date:
      - Thu, 06 Apr 2023 18:48:29 GMT
    status: 200 OK
    code: 200
    duration: ""
- request:
    body: |
      {"id":"00g7l8102lbfD2cJg1d7","priority":2,"profile":{}}
    form: {}
    headers:
      Accept:
      - application/json
      Authorization:
      - SSWS REDACTED
      Content-Type:
      - application/json
      User-Agent:
      - okta-sdk-golang/2.17.0 golang/go1.20.2 darwin/arm64 okta-terraform/3.44.0
    url: https://mm-oie-2022-10-07-max.oktapreview.com/api/v1/apps/0oa7l81zz2fmKiEQ71d7/groups/00g7l8102lbfD2cJg1d7
    method: PUT
  response:
    body: '{"id":"00g7l8102lbfD2cJg1d7","lastUpdated":"2023-04-06T18:48:29.000Z","priority":2,"profile":{},"_links":{"app":{"href":"https://mm-oie-2022-10-07-max.oktapreview.com/api/v1/apps/0oa7l81zz2fmKiEQ71d7"},"self":{"href":"https://mm-oie-2022-10-07-max.oktapreview.com/api/v1/apps/0oa7l81zz2fmKiEQ71d7/groups/00g7l8102lbfD2cJg1d7"},"group":{"href":"https://mm-oie-2022-10-07-max.oktapreview.com/api/v1/groups/00g7l8102lbfD2cJg1d7"}}}'
    headers:
      Content-Type:
      - application/json
      Date:
      - Thu, 06 Apr 2023 18:48:29 GMT
    status: 200 OK
    code: 200
    duration: ""
- request:
    body: |
      {"id":"00g7l81gxibiZZ8f91d7","priority":3,"profile":{}}
    form: {}
    headers:
      Accept:
      - application/json
      Authorization:
      - SSWS REDACTED
      Content-Type:
      - application/json
      User-Agent:
      - okta-sdk-golang/2.17.0 golang/go1.20.2 darwin/arm64 okta-terraform/3.44.0
    url: https://mm-oie-2022-10-07-max.oktapreview.com/api/v1/apps/0oa7l81zz2fmKiEQ71d7/groups/00g7l81gxibiZZ8f91d7
    method: PUT
  response:
    body: '{"id":"00g7l81gxibiZZ8f91d7","lastUpdated":"2023-04-06T18:48:30.000Z","priority":3,"profile":{},"_links":{"app":{"href":"https://mm-oie-2022-10-07-max.oktapreview.com/api/v1/apps/0oa7l81zz2fmKiEQ71d7"},"self":{"href":"https://mm-oie-2022-10-07-max.oktapreview.com/api/v1/apps/0oa7l81zz2fmKiEQ71d7/groups/00g7l81gxibiZZ8f91d7"},"group":{"href":"https://mm-oie-2022-10-07-max.oktapreview.com/api/v1/groups/00g7l81gxibiZZ8f91d7"}}}'
    headers:
      Content-Type:
      - application/json
      Date:
      - Thu, 06 Apr 2023 18:48:30 GMT
    status: 200 OK
    code: 200
    duration: ""
- request:
    body: ""
    form: {}
    headers:
      Accept:
      - application/json
      Authorization:
      - SSWS REDACTED
      User-Agent:
      - okta-sdk-golang/2.17.0 golang/go1.20.2 darwin/arm64 okta-terraform/3.44.0
    url: https://mm-oie-2022-10-07-max.oktapreview.com/api/v1/apps/0oa7l81zz2fmKiEQ71d7/groups?limit=200
    method: GET
  response:
    body: '[{"id":"00g7l818eubp6PCM01d7","lastUpdated":"2023-04-06T18:48:29.000Z","priority":1,"profile":{},"_links":{"app":{"href":"https://mm-oie-2022-10-07-max.oktapreview.com/api/v1/apps/0oa7l81zz2fmKiEQ71d7"},"self":{"href":"https://mm-oie-2022-10-07-max.oktapreview.com/api/v1/apps/0oa7l81zz2fmKiEQ71d7/groups/00g7l818eubp6PCM01d7"},"group":{"href":"https://mm-oie-2022-10-07-max.oktapreview.com/api/v1/groups/00g7l818eubp6PCM01d7"}}},{"id":"00g7l8102lbfD2cJg1d7","lastUpdated":"2023-04-06T18:48:29.000Z","priority":2,"profile":{},"_links":{"app":{"href":"https://mm-oie-2022-10-07-max.oktapreview.com/api/v1/apps/0oa7l81zz2fmKiEQ71d7"},"self":{"href":"https://mm-oie-2022-10-07-max.oktapreview.com/api/v1/apps/0oa7l81zz2fmKiEQ71d7/groups/00g7l8102lbfD2cJg1d7"},"group":{"href":"https://mm-oie-2022-10-07-max.oktapreview.com/api/v1/groups/00g7l8102lbfD2cJg1d7"}}},{"id":"00g7l81gxibiZZ8f91d7","lastUpdated":"2023-04-06T18:48:30.000Z","priority":3,"profile":{},"_links":{"app":{"href":"https://mm-oie-2022-10-07-max.oktapreview.com/api/v1/apps/0oa7l81zz2fmKiEQ71d7"},"self":{"href":"https://mm-oie-2022-10-07-max.oktapreview.com/api/v1/apps/0oa7l81zz2fmKiEQ71d7/groups/00g7l81gxibiZZ8f91d7"},"group":{"href":"https://mm-oie-2022-10-07-max.oktapreview.com/api/v1/groups/00g7l81gxibiZZ8f91d7"}}}]'
    headers:
      Content-Type:
      - application/json
      Date:
      - Thu, 06 Apr 2023 18:48:30 GMT
      Link:
      - <https://mm-oie-2022-10-07-max.oktapreview.com/api/v1/apps/0oa7l81zz2fmKiEQ71d7/groups?limit=200>; rel="self"
    status: 200 OK
    code: 200
    duration: ""
- request:
    body: ""
    form: {}
    headers:
      Accept:
      - application/json
      Authorization:
      - SSWS REDACTED
      User-Agent:
      - okta-sdk-golang/2.17.0 golang/go1.20.2 darwin/arm64 okta-terraform/3.44.0
    url: https://mm-oie-2022-10-07-max.oktapreview.com/api/v1/apps/0oa7l81zz2fmKiEQ71d7/groups
    method: GET
  response:
    body: '[{"id":"00g7l818eubp6PCM01d7","lastUpdated":"2023-04-06T18:48:29.000Z","priority":1,"profile":{},"_links":{"app":{"href":"https://mm-oie-2022-10-07-max.oktapreview.com/api/v1/apps/0oa7l81zz2fmKiEQ71d7"},"self":{"href":"https://mm-oie-2022-10-07-max.oktapreview.com/api/v1/apps/0oa7l81zz2fmKiEQ71d7/groups/00g7l818eubp6PCM01d7"},"group":{"href":"https://mm-oie-2022-10-07-max.oktapreview.com/api/v1/groups/00g7l818eubp6PCM01d7"}}},{"id":"00g7l8102lbfD2cJg1d7","lastUpdated":"2023-04-06T18:48:29.000Z","priority":2,"profile":{},"_links":{"app":{"href":"https://mm-oie-2022-10-07-max.oktapreview.com/api/v1/apps/0oa7l81zz2fmKiEQ71d7"},"self":{"href":"https://mm-oie-2022-10-07-max.oktapreview.com/api/v1/apps/0oa7l81zz2fmKiEQ71d7/groups/00g7l8102lbfD2cJg1d7"},"group":{"href":"https://mm-oie-2022-10-07-max.oktapreview.com/api/v1/groups/00g7l8102lbfD2cJg1d7"}}},{"id":"00g7l81gxibiZZ8f91d7","lastUpdated":"2023-04-06T18:48:30.000Z","priority":3,"profile":{},"_links":{"app":{"href":"https://mm-oie-2022-10-07-max.oktapreview.com/api/v1/apps/0oa7l81zz2fmKiEQ71d7"},"self":{"href":"https://mm-oie-2022-10-07-max.oktapreview.com/api/v1/apps/0oa7l81zz2fmKiEQ71d7/groups/00g7l81gxibiZZ8f91d7"},"group":{"href":"https://mm-oie-2022-10-07-max.oktapreview.com/api/v1/groups/00g7l81gxibiZZ8f91d7"}}}]'
    headers:
      Content-Type:
      - application/json
      Date:
      - Thu, 06 Apr 2023 18:48:30 GMT
      Link:
      - <https://mm-oie-2022-10-07-max.oktapreview.com/api/v1/apps/0oa7l81zz2fmKiEQ71d7/groups?limit=20>; rel="self"
    status: 200 OK
    code: 200
    duration: ""
- request:
    body: ""
    form: {}
    headers:
      Accept:
      - application/json
      Authorization:
      - SSWS REDACTED
      User-Agent:
      - okta-sdk-golang/2.17.0 golang/go1.20.2 darwin/arm64 okta-terraform/3.44.0
    url: https://mm-oie-2022-10-07-max.oktapreview.com/api/v1/apps/0oa7l81zz2fmKiEQ71d7/groups
    method: GET
  response:
    body: '[{"id":"00g7l818eubp6PCM01d7","lastUpdated":"2023-04-06T18:48:29.000Z","priority":1,"profile":{},"_links":{"app":{"href":"https://mm-oie-2022-10-07-max.oktapreview.com/api/v1/apps/0oa7l81zz2fmKiEQ71d7"},"self":{"href":"https://mm-oie-2022-10-07-max.oktapreview.com/api/v1/apps/0oa7l81zz2fmKiEQ71d7/groups/00g7l818eubp6PCM01d7"},"group":{"href":"https://mm-oie-2022-10-07-max.oktapreview.com/api/v1/groups/00g7l818eubp6PCM01d7"}}},{"id":"00g7l8102lbfD2cJg1d7","lastUpdated":"2023-04-06T18:48:29.000Z","priority":2,"profile":{},"_links":{"app":{"href":"https://mm-oie-2022-10-07-max.oktapreview.com/api/v1/apps/0oa7l81zz2fmKiEQ71d7"},"self":{"href":"https://mm-oie-2022-10-07-max.oktapreview.com/api/v1/apps/0oa7l81zz2fmKiEQ71d7/groups/00g7l8102lbfD2cJg1d7"},"group":{"href":"https://mm-oie-2022-10-07-max.oktapreview.com/api/v1/groups/00g7l8102lbfD2cJg1d7"}}},{"id":"00g7l81gxibiZZ8f91d7","lastUpdated":"2023-04-06T18:48:30.000Z","priority":3,"profile":{},"_links":{"app":{"href":"https://mm-oie-2022-10-07-max.oktapreview.com/api/v1/apps/0oa7l81zz2fmKiEQ71d7"},"self":{"href":"https://mm-oie-2022-10-07-max.oktapreview.com/api/v1/apps/0oa7l81zz2fmKiEQ71d7/groups/00g7l81gxibiZZ8f91d7"},"group":{"href":"https://mm-oie-2022-10-07-max.oktapreview.com/api/v1/groups/00g7l81gxibiZZ8f91d7"}}}]'
    headers:
      Content-Type:
      - application/json
      Date:
      - Thu, 06 Apr 2023 18:48:30 GMT
      Link:
      - <https://mm-oie-2022-10-07-max.oktapreview.com/api/v1/apps/0oa7l81zz2fmKiEQ71d7/groups?limit=20>; rel="self"
    status: 200 OK
    code: 200
    duration: ""
- request:
    body: ""
    form: {}
    headers:
      Accept:
      - application/json
      Authorization:
      - SSWS REDACTED
      User-Agent:
      - okta-sdk-golang/2.17.0 golang/go1.20.2 darwin/arm64 okta-terraform/3.44.0
    url: https://mm-oie-2022-10-07-max.oktapreview.com/api/v1/groups/00g7l81gxibiZZ8f91d7
    method: GET
  response:
    body: '{"id":"00g7l81gxibiZZ8f91d7","created":"2023-04-06T18:48:28.000Z","lastUpdated":"2023-04-06T18:48:28.000Z","lastMembershipUpdated":"2023-04-06T18:48:28.000Z","objectClass":["okta:user_group"],"type":"OKTA_GROUP","profile":{"name":"testAcc_4031966048_3","description":""},"_links":{"logo":[{"name":"medium","href":"https://op3static.oktacdn.com/assets/img/logos/groups/odyssey/okta-medium.1a5ebe44c4244fb796c235d86b47e3bb.png","type":"image/png"},{"name":"large","href":"https://op3static.oktacdn.com/assets/img/logos/groups/odyssey/okta-large.d9cfbd8a00a4feac1aa5612ba02e99c0.png","type":"image/png"}],"users":{"href":"https://mm-oie-2022-10-07-max.oktapreview.com/api/v1/groups/00g7l81gxibiZZ8f91d7/users"},"apps":{"href":"https://mm-oie-2022-10-07-max.oktapreview.com/api/v1/groups/00g7l81gxibiZZ8f91d7/apps"}}}'
    headers:
      Content-Type:
      - application/json
      Date:
      - Thu, 06 Apr 2023 18:48:30 GMT
      Report-To:
      - '{"group":"csp","max_age":31536000,"endpoints":[{"url":"https://oktacsp.report-uri.com/a/t/g"}],"include_subdomains":true}'
    status: 200 OK
    code: 200
    duration: ""
- request:
    body: ""
    form: {}
    headers:
      Accept:
      - application/json
      Authorization:
      - SSWS REDACTED
      User-Agent:
      - okta-sdk-golang/2.17.0 golang/go1.20.2 darwin/arm64 okta-terraform/3.44.0
    url: https://mm-oie-2022-10-07-max.oktapreview.com/api/v1/groups/00g7l818eubp6PCM01d7
    method: GET
  response:
    body: '{"id":"00g7l818eubp6PCM01d7","created":"2023-04-06T18:48:28.000Z","lastUpdated":"2023-04-06T18:48:28.000Z","lastMembershipUpdated":"2023-04-06T18:48:28.000Z","objectClass":["okta:user_group"],"type":"OKTA_GROUP","profile":{"name":"testAcc_4031966048","description":""},"_links":{"logo":[{"name":"medium","href":"https://op3static.oktacdn.com/assets/img/logos/groups/odyssey/okta-medium.1a5ebe44c4244fb796c235d86b47e3bb.png","type":"image/png"},{"name":"large","href":"https://op3static.oktacdn.com/assets/img/logos/groups/odyssey/okta-large.d9cfbd8a00a4feac1aa5612ba02e99c0.png","type":"image/png"}],"users":{"href":"https://mm-oie-2022-10-07-max.oktapreview.com/api/v1/groups/00g7l818eubp6PCM01d7/users"},"apps":{"href":"https://mm-oie-2022-10-07-max.oktapreview.com/api/v1/groups/00g7l818eubp6PCM01d7/apps"}}}'
    headers:
      Content-Type:
      - application/json
      Date:
      - Thu, 06 Apr 2023 18:48:30 GMT
    status: 200 OK
    code: 200
    duration: ""
- request:
    body: ""
    form: {}
    headers:
      Accept:
      - application/json
      Authorization:
      - SSWS REDACTED
      User-Agent:
      - okta-sdk-golang/2.17.0 golang/go1.20.2 darwin/arm64 okta-terraform/3.44.0
    url: https://mm-oie-2022-10-07-max.oktapreview.com/api/v1/groups/00g7l8102lbfD2cJg1d7
    method: GET
  response:
    body: '{"id":"00g7l8102lbfD2cJg1d7","created":"2023-04-06T18:48:28.000Z","lastUpdated":"2023-04-06T18:48:28.000Z","lastMembershipUpdated":"2023-04-06T18:48:28.000Z","objectClass":["okta:user_group"],"type":"OKTA_GROUP","profile":{"name":"testAcc_4031966048_2","description":""},"_links":{"logo":[{"name":"medium","href":"https://op3static.oktacdn.com/assets/img/logos/groups/odyssey/okta-medium.1a5ebe44c4244fb796c235d86b47e3bb.png","type":"image/png"},{"name":"large","href":"https://op3static.oktacdn.com/assets/img/logos/groups/odyssey/okta-large.d9cfbd8a00a4feac1aa5612ba02e99c0.png","type":"image/png"}],"users":{"href":"https://mm-oie-2022-10-07-max.oktapreview.com/api/v1/groups/00g7l8102lbfD2cJg1d7/users"},"apps":{"href":"https://mm-oie-2022-10-07-max.oktapreview.com/api/v1/groups/00g7l8102lbfD2cJg1d7/apps"}}}'
    headers:
      Content-Type:
      - application/json
      Date:
      - Thu, 06 Apr 2023 18:48:30 GMT
    status: 200 OK
    code: 200
    duration: ""
- request:
    body: ""
    form: {}
    headers:
      Accept:
      - application/json
      Authorization:
      - SSWS REDACTED
      User-Agent:
      - okta-sdk-golang/2.17.0 golang/go1.20.2 darwin/arm64 okta-terraform/3.44.0
    url: https://mm-oie-2022-10-07-max.oktapreview.com/api/v1/apps/0oa7l81zz2fmKiEQ71d7
    method: GET
  response:
    body: '{"id":"0oa7l81zz2fmKiEQ71d7","name":"oidc_client","label":"testAcc_4031966048","status":"ACTIVE","lastUpdated":"2023-04-06T18:48:28.000Z","created":"2023-04-06T18:48:28.000Z","accessibility":{"selfService":false,"errorRedirectUrl":null,"loginRedirectUrl":null},"visibility":{"autoLaunch":false,"autoSubmitToolbar":false,"hide":{"iOS":true,"web":true},"appLinks":{"oidc_client_link":true}},"features":[],"signOnMode":"OPENID_CONNECT","credentials":{"userNameTemplate":{"template":"${source.login}","type":"BUILT_IN"},"signing":{"kid":"N60VbAntJ7ONHTQr7YcAiywke_a08RzPdv9okaextIA"},"oauthClient":{"autoKeyRotation":true,"client_id":"0oa7l81zz2fmKiEQ71d7","token_endpoint_auth_method":"client_secret_basic","pkce_required":false}},"settings":{"app":{},"notifications":{"vpn":{"network":{"connection":"DISABLED"},"message":null,"helpUrl":null}},"notes":{"admin":null,"enduser":null},"oauthClient":{"client_uri":null,"logo_uri":null,"redirect_uris":["http://d.com/"],"response_types":["code","token","id_token"],"grant_types":["authorization_code","implicit"],"application_type":"web","consent_method":"TRUSTED","issuer_mode":"ORG_URL","idp_initiated_login":{"mode":"DISABLED","default_scope":[]},"wildcard_redirect":"DISABLED"}},"_links":{"uploadLogo":{"href":"https://mm-oie-2022-10-07-max.oktapreview.com/api/v1/apps/0oa7l81zz2fmKiEQ71d7/logo","hints":{"allow":["POST"]}},"appLinks":[{"name":"oidc_client_link","href":"https://mm-oie-2022-10-07-max.oktapreview.com/home/oidc_client/0oa7l81zz2fmKiEQ71d7/aln177a159h7Zf52X0g8","type":"text/html"}],"profileEnrollment":{"href":"https://mm-oie-2022-10-07-max.oktapreview.com/api/v1/policies/rst5qwjvlxUHivL8a1d7"},"policies":{"href":"https://mm-oie-2022-10-07-max.oktapreview.com/api/v1/apps/0oa7l81zz2fmKiEQ71d7/policies","hints":{"allow":["PUT"]}},"groups":{"href":"https://mm-oie-2022-10-07-max.oktapreview.com/api/v1/apps/0oa7l81zz2fmKiEQ71d7/groups"},"logo":[{"name":"medium","href":"https://op3static.oktacdn.com/assets/img/logos/default.6770228fb0dab49a1695ef440a5279bb.png","type":"image/png"}],"clientCredentials":[{"name":"secrets","href":"https://mm-oie-2022-10-07-max.oktapreview.com/api/v1/apps/0oa7l81zz2fmKiEQ71d7/credentials/secrets"}],"accessPolicy":{"href":"https://mm-oie-2022-10-07-max.oktapreview.com/api/v1/policies/rst5qwjvlvS3G1WOU1d7"},"users":{"href":"https://mm-oie-2022-10-07-max.oktapreview.com/api/v1/apps/0oa7l81zz2fmKiEQ71d7/users"},"deactivate":{"href":"https://mm-oie-2022-10-07-max.oktapreview.com/api/v1/apps/0oa7l81zz2fmKiEQ71d7/lifecycle/deactivate"}}}'
    headers:
      Content-Type:
      - application/json
      Date:
      - Thu, 06 Apr 2023 18:48:31 GMT
    status: 200 OK
    code: 200
    duration: ""
- request:
    body: ""
    form: {}
    headers:
      Accept:
      - application/json
      Authorization:
      - SSWS REDACTED
      User-Agent:
      - okta-sdk-golang/2.17.0 golang/go1.20.2 darwin/arm64 okta-terraform/3.44.0
    url: https://mm-oie-2022-10-07-max.oktapreview.com/api/v1/apps/0oa7l81zz2fmKiEQ71d7/users?limit=200
    method: GET
  response:
    body: '[]'
    headers:
      Content-Type:
      - application/json
      Date:
      - Thu, 06 Apr 2023 18:48:31 GMT
      Link:
      - <https://mm-oie-2022-10-07-max.oktapreview.com/api/v1/apps/0oa7l81zz2fmKiEQ71d7/users?limit=200>; rel="self"
    status: 200 OK
    code: 200
    duration: ""
- request:
    body: ""
    form: {}
    headers:
      Accept:
      - application/json
      Authorization:
      - SSWS REDACTED
      User-Agent:
      - okta-sdk-golang/2.17.0 golang/go1.20.2 darwin/arm64 okta-terraform/3.44.0
    url: https://mm-oie-2022-10-07-max.oktapreview.com/api/v1/apps/0oa7l81zz2fmKiEQ71d7/groups?limit=200
    method: GET
  response:
    body: '[{"id":"00g7l818eubp6PCM01d7","lastUpdated":"2023-04-06T18:48:29.000Z","priority":1,"profile":{},"_links":{"app":{"href":"https://mm-oie-2022-10-07-max.oktapreview.com/api/v1/apps/0oa7l81zz2fmKiEQ71d7"},"self":{"href":"https://mm-oie-2022-10-07-max.oktapreview.com/api/v1/apps/0oa7l81zz2fmKiEQ71d7/groups/00g7l818eubp6PCM01d7"},"group":{"href":"https://mm-oie-2022-10-07-max.oktapreview.com/api/v1/groups/00g7l818eubp6PCM01d7"}}},{"id":"00g7l8102lbfD2cJg1d7","lastUpdated":"2023-04-06T18:48:29.000Z","priority":2,"profile":{},"_links":{"app":{"href":"https://mm-oie-2022-10-07-max.oktapreview.com/api/v1/apps/0oa7l81zz2fmKiEQ71d7"},"self":{"href":"https://mm-oie-2022-10-07-max.oktapreview.com/api/v1/apps/0oa7l81zz2fmKiEQ71d7/groups/00g7l8102lbfD2cJg1d7"},"group":{"href":"https://mm-oie-2022-10-07-max.oktapreview.com/api/v1/groups/00g7l8102lbfD2cJg1d7"}}},{"id":"00g7l81gxibiZZ8f91d7","lastUpdated":"2023-04-06T18:48:30.000Z","priority":3,"profile":{},"_links":{"app":{"href":"https://mm-oie-2022-10-07-max.oktapreview.com/api/v1/apps/0oa7l81zz2fmKiEQ71d7"},"self":{"href":"https://mm-oie-2022-10-07-max.oktapreview.com/api/v1/apps/0oa7l81zz2fmKiEQ71d7/groups/00g7l81gxibiZZ8f91d7"},"group":{"href":"https://mm-oie-2022-10-07-max.oktapreview.com/api/v1/groups/00g7l81gxibiZZ8f91d7"}}}]'
    headers:
      Content-Type:
      - application/json
      Date:
      - Thu, 06 Apr 2023 18:48:31 GMT
      Link:
      - <https://mm-oie-2022-10-07-max.oktapreview.com/api/v1/apps/0oa7l81zz2fmKiEQ71d7/groups?limit=200>; rel="self"
    status: 200 OK
    code: 200
    duration: ""
- request:
    body: ""
    form: {}
    headers:
      Accept:
      - application/json
      Authorization:
      - SSWS REDACTED
      User-Agent:
      - okta-sdk-golang/2.17.0 golang/go1.20.2 darwin/arm64 okta-terraform/3.44.0
    url: https://mm-oie-2022-10-07-max.oktapreview.com/api/v1/apps/0oa7l81zz2fmKiEQ71d7/groups?limit=200
    method: GET
  response:
    body: '[{"id":"00g7l818eubp6PCM01d7","lastUpdated":"2023-04-06T18:48:29.000Z","priority":1,"profile":{},"_links":{"app":{"href":"https://mm-oie-2022-10-07-max.oktapreview.com/api/v1/apps/0oa7l81zz2fmKiEQ71d7"},"self":{"href":"https://mm-oie-2022-10-07-max.oktapreview.com/api/v1/apps/0oa7l81zz2fmKiEQ71d7/groups/00g7l818eubp6PCM01d7"},"group":{"href":"https://mm-oie-2022-10-07-max.oktapreview.com/api/v1/groups/00g7l818eubp6PCM01d7"}}},{"id":"00g7l8102lbfD2cJg1d7","lastUpdated":"2023-04-06T18:48:29.000Z","priority":2,"profile":{},"_links":{"app":{"href":"https://mm-oie-2022-10-07-max.oktapreview.com/api/v1/apps/0oa7l81zz2fmKiEQ71d7"},"self":{"href":"https://mm-oie-2022-10-07-max.oktapreview.com/api/v1/apps/0oa7l81zz2fmKiEQ71d7/groups/00g7l8102lbfD2cJg1d7"},"group":{"href":"https://mm-oie-2022-10-07-max.oktapreview.com/api/v1/groups/00g7l8102lbfD2cJg1d7"}}},{"id":"00g7l81gxibiZZ8f91d7","lastUpdated":"2023-04-06T18:48:30.000Z","priority":3,"profile":{},"_links":{"app":{"href":"https://mm-oie-2022-10-07-max.oktapreview.com/api/v1/apps/0oa7l81zz2fmKiEQ71d7"},"self":{"href":"https://mm-oie-2022-10-07-max.oktapreview.com/api/v1/apps/0oa7l81zz2fmKiEQ71d7/groups/00g7l81gxibiZZ8f91d7"},"group":{"href":"https://mm-oie-2022-10-07-max.oktapreview.com/api/v1/groups/00g7l81gxibiZZ8f91d7"}}}]'
    headers:
      Content-Type:
      - application/json
      Date:
      - Thu, 06 Apr 2023 18:48:31 GMT
      Link:
      - <https://mm-oie-2022-10-07-max.oktapreview.com/api/v1/apps/0oa7l81zz2fmKiEQ71d7/groups?limit=200>; rel="self"
      Report-To:
      - '{"group":"csp","max_age":31536000,"endpoints":[{"url":"https://oktacsp.report-uri.com/a/t/g"}],"include_subdomains":true}'
    status: 200 OK
    code: 200
    duration: ""
- request:
    body: ""
    form: {}
    headers:
      Accept:
      - application/json
      Authorization:
      - SSWS REDACTED
      User-Agent:
      - okta-sdk-golang/2.17.0 golang/go1.20.2 darwin/arm64 okta-terraform/3.44.0
    url: https://mm-oie-2022-10-07-max.oktapreview.com/api/v1/apps/0oa7l81zz2fmKiEQ71d7/groups
    method: GET
  response:
    body: '[{"id":"00g7l818eubp6PCM01d7","lastUpdated":"2023-04-06T18:48:29.000Z","priority":1,"profile":{},"_links":{"app":{"href":"https://mm-oie-2022-10-07-max.oktapreview.com/api/v1/apps/0oa7l81zz2fmKiEQ71d7"},"self":{"href":"https://mm-oie-2022-10-07-max.oktapreview.com/api/v1/apps/0oa7l81zz2fmKiEQ71d7/groups/00g7l818eubp6PCM01d7"},"group":{"href":"https://mm-oie-2022-10-07-max.oktapreview.com/api/v1/groups/00g7l818eubp6PCM01d7"}}},{"id":"00g7l8102lbfD2cJg1d7","lastUpdated":"2023-04-06T18:48:29.000Z","priority":2,"profile":{},"_links":{"app":{"href":"https://mm-oie-2022-10-07-max.oktapreview.com/api/v1/apps/0oa7l81zz2fmKiEQ71d7"},"self":{"href":"https://mm-oie-2022-10-07-max.oktapreview.com/api/v1/apps/0oa7l81zz2fmKiEQ71d7/groups/00g7l8102lbfD2cJg1d7"},"group":{"href":"https://mm-oie-2022-10-07-max.oktapreview.com/api/v1/groups/00g7l8102lbfD2cJg1d7"}}},{"id":"00g7l81gxibiZZ8f91d7","lastUpdated":"2023-04-06T18:48:30.000Z","priority":3,"profile":{},"_links":{"app":{"href":"https://mm-oie-2022-10-07-max.oktapreview.com/api/v1/apps/0oa7l81zz2fmKiEQ71d7"},"self":{"href":"https://mm-oie-2022-10-07-max.oktapreview.com/api/v1/apps/0oa7l81zz2fmKiEQ71d7/groups/00g7l81gxibiZZ8f91d7"},"group":{"href":"https://mm-oie-2022-10-07-max.oktapreview.com/api/v1/groups/00g7l81gxibiZZ8f91d7"}}}]'
    headers:
      Content-Type:
      - application/json
      Date:
      - Thu, 06 Apr 2023 18:48:31 GMT
      Link:
      - <https://mm-oie-2022-10-07-max.oktapreview.com/api/v1/apps/0oa7l81zz2fmKiEQ71d7/groups?limit=20>; rel="self"
    status: 200 OK
    code: 200
    duration: ""
- request:
    body: ""
    form: {}
    headers:
      Accept:
      - application/json
      Authorization:
      - SSWS REDACTED
      User-Agent:
      - okta-sdk-golang/2.17.0 golang/go1.20.2 darwin/arm64 okta-terraform/3.44.0
    url: https://mm-oie-2022-10-07-max.oktapreview.com/api/v1/apps/0oa7l81zz2fmKiEQ71d7/groups
    method: GET
  response:
    body: '[{"id":"00g7l818eubp6PCM01d7","lastUpdated":"2023-04-06T18:48:29.000Z","priority":1,"profile":{},"_links":{"app":{"href":"https://mm-oie-2022-10-07-max.oktapreview.com/api/v1/apps/0oa7l81zz2fmKiEQ71d7"},"self":{"href":"https://mm-oie-2022-10-07-max.oktapreview.com/api/v1/apps/0oa7l81zz2fmKiEQ71d7/groups/00g7l818eubp6PCM01d7"},"group":{"href":"https://mm-oie-2022-10-07-max.oktapreview.com/api/v1/groups/00g7l818eubp6PCM01d7"}}},{"id":"00g7l8102lbfD2cJg1d7","lastUpdated":"2023-04-06T18:48:29.000Z","priority":2,"profile":{},"_links":{"app":{"href":"https://mm-oie-2022-10-07-max.oktapreview.com/api/v1/apps/0oa7l81zz2fmKiEQ71d7"},"self":{"href":"https://mm-oie-2022-10-07-max.oktapreview.com/api/v1/apps/0oa7l81zz2fmKiEQ71d7/groups/00g7l8102lbfD2cJg1d7"},"group":{"href":"https://mm-oie-2022-10-07-max.oktapreview.com/api/v1/groups/00g7l8102lbfD2cJg1d7"}}},{"id":"00g7l81gxibiZZ8f91d7","lastUpdated":"2023-04-06T18:48:30.000Z","priority":3,"profile":{},"_links":{"app":{"href":"https://mm-oie-2022-10-07-max.oktapreview.com/api/v1/apps/0oa7l81zz2fmKiEQ71d7"},"self":{"href":"https://mm-oie-2022-10-07-max.oktapreview.com/api/v1/apps/0oa7l81zz2fmKiEQ71d7/groups/00g7l81gxibiZZ8f91d7"},"group":{"href":"https://mm-oie-2022-10-07-max.oktapreview.com/api/v1/groups/00g7l81gxibiZZ8f91d7"}}}]'
    headers:
      Content-Type:
      - application/json
      Date:
      - Thu, 06 Apr 2023 18:48:31 GMT
      Link:
      - <https://mm-oie-2022-10-07-max.oktapreview.com/api/v1/apps/0oa7l81zz2fmKiEQ71d7/groups?limit=20>; rel="self"
    status: 200 OK
    code: 200
    duration: ""
- request:
    body: ""
    form: {}
    headers:
      Accept:
      - application/json
      Authorization:
      - SSWS REDACTED
      User-Agent:
      - okta-sdk-golang/2.17.0 golang/go1.20.2 darwin/arm64 okta-terraform/3.44.0
    url: https://mm-oie-2022-10-07-max.oktapreview.com/api/v1/apps/0oa7l81zz2fmKiEQ71d7/groups/00g7l818eubp6PCM01d7
    method: DELETE
  response:
    body: ""
    headers:
      Date:
      - Thu, 06 Apr 2023 18:48:32 GMT
    status: 204 No Content
    code: 204
    duration: ""
- request:
    body: ""
    form: {}
    headers:
      Accept:
      - application/json
      Authorization:
      - SSWS REDACTED
      User-Agent:
      - okta-sdk-golang/2.17.0 golang/go1.20.2 darwin/arm64 okta-terraform/3.44.0
    url: https://mm-oie-2022-10-07-max.oktapreview.com/api/v1/apps/0oa7l81zz2fmKiEQ71d7/groups/00g7l8102lbfD2cJg1d7
    method: DELETE
  response:
    body: ""
    headers:
      Date:
      - Thu, 06 Apr 2023 18:48:32 GMT
    status: 204 No Content
    code: 204
    duration: ""
- request:
    body: ""
    form: {}
    headers:
      Accept:
      - application/json
      Authorization:
      - SSWS REDACTED
      User-Agent:
      - okta-sdk-golang/2.17.0 golang/go1.20.2 darwin/arm64 okta-terraform/3.44.0
    url: https://mm-oie-2022-10-07-max.oktapreview.com/api/v1/apps/0oa7l81zz2fmKiEQ71d7/groups/00g7l81gxibiZZ8f91d7
    method: DELETE
  response:
    body: ""
    headers:
      Date:
      - Thu, 06 Apr 2023 18:48:32 GMT
    status: 204 No Content
    code: 204
    duration: ""
- request:
    body: ""
    form: {}
    headers:
      Accept:
      - application/json
      Authorization:
      - SSWS REDACTED
      User-Agent:
      - okta-sdk-golang/2.17.0 golang/go1.20.2 darwin/arm64 okta-terraform/3.44.0
    url: https://mm-oie-2022-10-07-max.oktapreview.com/api/v1/groups/00g7l81gxibiZZ8f91d7
    method: DELETE
  response:
    body: ""
    headers:
      Date:
      - Thu, 06 Apr 2023 18:48:32 GMT
    status: 204 No Content
    code: 204
    duration: ""
- request:
    body: ""
    form: {}
    headers:
      Accept:
      - application/json
      Authorization:
      - SSWS REDACTED
      User-Agent:
      - okta-sdk-golang/2.17.0 golang/go1.20.2 darwin/arm64 okta-terraform/3.44.0
    url: https://mm-oie-2022-10-07-max.oktapreview.com/api/v1/groups/00g7l818eubp6PCM01d7
    method: DELETE
  response:
    body: ""
    headers:
      Date:
      - Thu, 06 Apr 2023 18:48:32 GMT
    status: 204 No Content
    code: 204
    duration: ""
- request:
    body: ""
    form: {}
    headers:
      Accept:
      - application/json
      Authorization:
      - SSWS REDACTED
      User-Agent:
      - okta-sdk-golang/2.17.0 golang/go1.20.2 darwin/arm64 okta-terraform/3.44.0
    url: https://mm-oie-2022-10-07-max.oktapreview.com/api/v1/apps/0oa7l81zz2fmKiEQ71d7/lifecycle/deactivate
    method: POST
  response:
    body: '{}'
    headers:
      Content-Type:
      - application/json
      Date:
      - Thu, 06 Apr 2023 18:48:32 GMT
    status: 200 OK
    code: 200
    duration: ""
- request:
    body: ""
    form: {}
    headers:
      Accept:
      - application/json
      Authorization:
      - SSWS REDACTED
      User-Agent:
      - okta-sdk-golang/2.17.0 golang/go1.20.2 darwin/arm64 okta-terraform/3.44.0
    url: https://mm-oie-2022-10-07-max.oktapreview.com/api/v1/groups/00g7l8102lbfD2cJg1d7
    method: DELETE
  response:
    body: ""
    headers:
      Date:
      - Thu, 06 Apr 2023 18:48:32 GMT
    status: 204 No Content
    code: 204
    duration: ""
- request:
    body: ""
    form: {}
    headers:
      Accept:
      - application/json
      Authorization:
      - SSWS REDACTED
      User-Agent:
      - okta-sdk-golang/2.17.0 golang/go1.20.2 darwin/arm64 okta-terraform/3.44.0
    url: https://mm-oie-2022-10-07-max.oktapreview.com/api/v1/apps/0oa7l81zz2fmKiEQ71d7
    method: DELETE
  response:
    body: ""
    headers:
      Date:
      - Thu, 06 Apr 2023 18:48:32 GMT
    status: 204 No Content
    code: 204
    duration: ""
